Archive member included to satisfy reference by file (symbol)

c:/program files (x86)/gnu tools arm embedded/9 2019-q4-major/bin/../lib/gcc/arm-none-eabi/9.2.1/../../../../arm-none-eabi/lib/thumb/v7e-m/nofp\libg_nano.a(lib_a-errno.o)
                              ./system/src/newlib/_sbrk.o (__errno)
c:/program files (x86)/gnu tools arm embedded/9 2019-q4-major/bin/../lib/gcc/arm-none-eabi/9.2.1/../../../../arm-none-eabi/lib/thumb/v7e-m/nofp\libg_nano.a(lib_a-impure.o)
                              c:/program files (x86)/gnu tools arm embedded/9 2019-q4-major/bin/../lib/gcc/arm-none-eabi/9.2.1/../../../../arm-none-eabi/lib/thumb/v7e-m/nofp\libg_nano.a(lib_a-errno.o) (_impure_ptr)
c:/program files (x86)/gnu tools arm embedded/9 2019-q4-major/bin/../lib/gcc/arm-none-eabi/9.2.1/../../../../arm-none-eabi/lib/thumb/v7e-m/nofp\libg_nano.a(lib_a-strlen.o)
                              ./system/src/diag/Trace.o (strlen)
c:/program files (x86)/gnu tools arm embedded/9 2019-q4-major/bin/../lib/gcc/arm-none-eabi/9.2.1/../../../../arm-none-eabi/lib/thumb/v7e-m/nofp\libg_nano.a(lib_a-vsnprintf.o)
                              ./system/src/diag/Trace.o (vsnprintf)
c:/program files (x86)/gnu tools arm embedded/9 2019-q4-major/bin/../lib/gcc/arm-none-eabi/9.2.1/../../../../arm-none-eabi/lib/thumb/v7e-m/nofp\libg_nano.a(lib_a-nano-svfprintf.o)
                              c:/program files (x86)/gnu tools arm embedded/9 2019-q4-major/bin/../lib/gcc/arm-none-eabi/9.2.1/../../../../arm-none-eabi/lib/thumb/v7e-m/nofp\libg_nano.a(lib_a-vsnprintf.o) (_svfprintf_r)
c:/program files (x86)/gnu tools arm embedded/9 2019-q4-major/bin/../lib/gcc/arm-none-eabi/9.2.1/../../../../arm-none-eabi/lib/thumb/v7e-m/nofp\libg_nano.a(lib_a-nano-vfprintf_i.o)
                              c:/program files (x86)/gnu tools arm embedded/9 2019-q4-major/bin/../lib/gcc/arm-none-eabi/9.2.1/../../../../arm-none-eabi/lib/thumb/v7e-m/nofp\libg_nano.a(lib_a-nano-svfprintf.o) (_printf_i)
c:/program files (x86)/gnu tools arm embedded/9 2019-q4-major/bin/../lib/gcc/arm-none-eabi/9.2.1/../../../../arm-none-eabi/lib/thumb/v7e-m/nofp\libg_nano.a(lib_a-memchr.o)
                              c:/program files (x86)/gnu tools arm embedded/9 2019-q4-major/bin/../lib/gcc/arm-none-eabi/9.2.1/../../../../arm-none-eabi/lib/thumb/v7e-m/nofp\libg_nano.a(lib_a-nano-svfprintf.o) (memchr)
c:/program files (x86)/gnu tools arm embedded/9 2019-q4-major/bin/../lib/gcc/arm-none-eabi/9.2.1/../../../../arm-none-eabi/lib/thumb/v7e-m/nofp\libg_nano.a(lib_a-memcpy-stub.o)
                              c:/program files (x86)/gnu tools arm embedded/9 2019-q4-major/bin/../lib/gcc/arm-none-eabi/9.2.1/../../../../arm-none-eabi/lib/thumb/v7e-m/nofp\libg_nano.a(lib_a-nano-svfprintf.o) (memcpy)
c:/program files (x86)/gnu tools arm embedded/9 2019-q4-major/bin/../lib/gcc/arm-none-eabi/9.2.1/../../../../arm-none-eabi/lib/thumb/v7e-m/nofp\libg_nano.a(lib_a-memmove.o)
                              c:/program files (x86)/gnu tools arm embedded/9 2019-q4-major/bin/../lib/gcc/arm-none-eabi/9.2.1/../../../../arm-none-eabi/lib/thumb/v7e-m/nofp\libg_nano.a(lib_a-nano-svfprintf.o) (memmove)
c:/program files (x86)/gnu tools arm embedded/9 2019-q4-major/bin/../lib/gcc/arm-none-eabi/9.2.1/../../../../arm-none-eabi/lib/thumb/v7e-m/nofp\libg_nano.a(lib_a-nano-freer.o)
                              c:/program files (x86)/gnu tools arm embedded/9 2019-q4-major/bin/../lib/gcc/arm-none-eabi/9.2.1/../../../../arm-none-eabi/lib/thumb/v7e-m/nofp\libg_nano.a(lib_a-nano-svfprintf.o) (_free_r)
c:/program files (x86)/gnu tools arm embedded/9 2019-q4-major/bin/../lib/gcc/arm-none-eabi/9.2.1/../../../../arm-none-eabi/lib/thumb/v7e-m/nofp\libg_nano.a(lib_a-nano-mallocr.o)
                              c:/program files (x86)/gnu tools arm embedded/9 2019-q4-major/bin/../lib/gcc/arm-none-eabi/9.2.1/../../../../arm-none-eabi/lib/thumb/v7e-m/nofp\libg_nano.a(lib_a-nano-svfprintf.o) (_malloc_r)
c:/program files (x86)/gnu tools arm embedded/9 2019-q4-major/bin/../lib/gcc/arm-none-eabi/9.2.1/../../../../arm-none-eabi/lib/thumb/v7e-m/nofp\libg_nano.a(lib_a-nano-reallocr.o)
                              c:/program files (x86)/gnu tools arm embedded/9 2019-q4-major/bin/../lib/gcc/arm-none-eabi/9.2.1/../../../../arm-none-eabi/lib/thumb/v7e-m/nofp\libg_nano.a(lib_a-nano-svfprintf.o) (_realloc_r)
c:/program files (x86)/gnu tools arm embedded/9 2019-q4-major/bin/../lib/gcc/arm-none-eabi/9.2.1/../../../../arm-none-eabi/lib/thumb/v7e-m/nofp\libg_nano.a(lib_a-sbrkr.o)
                              c:/program files (x86)/gnu tools arm embedded/9 2019-q4-major/bin/../lib/gcc/arm-none-eabi/9.2.1/../../../../arm-none-eabi/lib/thumb/v7e-m/nofp\libg_nano.a(lib_a-nano-mallocr.o) (_sbrk_r)
c:/program files (x86)/gnu tools arm embedded/9 2019-q4-major/bin/../lib/gcc/arm-none-eabi/9.2.1/../../../../arm-none-eabi/lib/thumb/v7e-m/nofp\libg_nano.a(lib_a-mlock.o)
[...]
Memory Configuration

Name             Origin             Length             Attributes
RAM              0x20000000         0x00030000         xrw
CCMRAM           0x10000000         0x00010000         xrw
FLASH            0x08000000         0x00100000         xr
FLASHB1          0x00000000         0x00000000         xr
EXTMEMB0         0x00000000         0x00000000         xr
EXTMEMB1         0x00000000         0x00000000         xr
EXTMEMB2         0x00000000         0x00000000         xr
EXTMEMB3         0x00000000         0x00000000         xr
MEMORY_ARRAY     0x20002000         0x00000020         xrw
*default*        0x00000000         0xffffffff

Linker script and memory map

LOAD ./system/src/stm32f4-hal/stm32f4xx_hal.o
LOAD ./system/src/stm32f4-hal/stm32f4xx_hal_cortex.o
LOAD ./system/src/stm32f4-hal/stm32f4xx_hal_dfsdm.o
LOAD ./system/src/stm32f4-hal/stm32f4xx_hal_flash.o
LOAD ./system/src/stm32f4-hal/stm32f4xx_hal_gpio.o
LOAD ./system/src/stm32f4-hal/stm32f4xx_hal_iwdg.o
LOAD ./system/src/stm32f4-hal/stm32f4xx_hal_pwr.o
LOAD ./system/src/stm32f4-hal/stm32f4xx_hal_rcc.o
LOAD ./system/src/newlib/_cxx.o
LOAD ./system/src/newlib/_exit.o
LOAD ./system/src/newlib/_sbrk.o
LOAD ./system/src/newlib/_startup.o
LOAD ./system/src/newlib/_syscalls.o
LOAD ./system/src/newlib/assert.o
LOAD ./system/src/diag/Trace.o
LOAD ./system/src/diag/trace_impl.o
LOAD ./system/src/cortexm/_initialize_hardware.o
LOAD ./system/src/cortexm/_reset_hardware.o
LOAD ./system/src/cortexm/exception_handlers.o
LOAD ./system/src/cmsis/system_stm32f4xx.o
LOAD ./system/src/cmsis/vectors_stm32f429xx.o
LOAD ./src/BlinkLed.o
LOAD ./src/Timer.o
LOAD ./src/_initialize_hardware.o
LOAD ./src/_write.o
LOAD ./src/main.o
LOAD ./src/stm32f4xx_hal_msp.o
LOAD c:/program files (x86)/gnu tools arm embedded/9 2019-q4-major/bin/../lib/gcc/arm-none-eabi/9.2.1/../../../../arm-none-eabi/lib/thumb/v7e-m/nofp\libstdc++_nano.a
LOAD c:/program files (x86)/gnu tools arm embedded/9 2019-q4-major/bin/../lib/gcc/arm-none-eabi/9.2.1/../../../../arm-none-eabi/lib/thumb/v7e-m/nofp\libm.a
START GROUP
LOAD c:/program files (x86)/gnu tools arm embedded/9 2019-q4-major/bin/../lib/gcc/arm-none-eabi/9.2.1/thumb/v7e-m/nofp\libgcc.a
LOAD c:/program files (x86)/gnu tools arm embedded/9 2019-q4-major/bin/../lib/gcc/arm-none-eabi/9.2.1/../../../../arm-none-eabi/lib/thumb/v7e-m/nofp\libg_nano.a
LOAD c:/program files (x86)/gnu tools arm embedded/9 2019-q4-major/bin/../lib/gcc/arm-none-eabi/9.2.1/../../../../arm-none-eabi/lib/thumb/v7e-m/nofp\libc_nano.a
END GROUP
START GROUP
LOAD c:/program files (x86)/gnu tools arm embedded/9 2019-q4-major/bin/../lib/gcc/arm-none-eabi/9.2.1/thumb/v7e-m/nofp\libgcc.a
LOAD c:/program files (x86)/gnu tools arm embedded/9 2019-q4-major/bin/../lib/gcc/arm-none-eabi/9.2.1/../../../../arm-none-eabi/lib/thumb/v7e-m/nofp\libc_nano.a
END GROUP
                0x20030000                __stack = (ORIGIN (RAM) + LENGTH (RAM))
                0x20030000                _estack = __stack
                0x00000400                __Main_Stack_Size = 0x400
                [!provide]                PROVIDE (_Main_Stack_Size = __Main_Stack_Size)
                0x2002fc00                __Main_Stack_Limit = (__stack - __Main_Stack_Size)
                [!provide]                PROVIDE (_Main_Stack_Limit = __Main_Stack_Limit)
                0x00000100                _Minimum_Stack_Size = 0x100
                0x20000128                PROVIDE (_Heap_Begin = _end_noinit)
                0x2002fc00                PROVIDE (_Heap_Limit = (__stack - __Main_Stack_Size))

.isr_vector     0x08000000      0x40c
 FILL mask 0xff
                0x08000000                __vectors_start = ABSOLUTE (.)
                0x08000000                __vectors_start__ = ABSOLUTE (.)
 *(.isr_vector)
 .isr_vector    0x08000000      0x1ac ./system/src/cmsis/vectors_stm32f429xx.o
                0x08000000                __isr_vectors
 *(.cfmconfig)
 *(.after_vectors .after_vectors.*)
 .after_vectors
                0x080001ac      0x130 ./system/src/newlib/_startup.o
                0x080001ac                _start
 .after_vectors
                0x080002dc      0x12c ./system/src/cortexm/exception_handlers.o
                0x080002dc                Reset_Handler
                0x080002e2                NMI_Handler
                0x080002e6                HardFault_Handler
                0x080002fa                HardFault_Handler_C
                0x08000358                MemManage_Handler
                0x0800035c                BusFault_Handler
                0x08000370                BusFault_Handler_C
                0x080003a4                UsageFault_Handler
                0x080003b8                UsageFault_Handler_C
                0x080003ec                SVC_Handler
                0x080003f0                DebugMon_Handler
                0x080003f4                PendSV_Handler
 .after_vectors
                0x08000408        0x4 ./system/src/cmsis/vectors_stm32f429xx.o
                0x08000408                RTC_Alarm_IRQHandler
                0x08000408                HASH_RNG_IRQHandler
                0x08000408                EXTI2_IRQHandler
                0x08000408                TIM8_CC_IRQHandler
                0x08000408                UART8_IRQHandler
                0x08000408                SPI4_IRQHandler
                0x08000408                TIM1_CC_IRQHandler
                0x08000408                DMA2_Stream5_IRQHandler
                0x08000408                DMA1_Stream5_IRQHandler
                0x08000408                PVD_IRQHandler
                0x08000408                SDIO_IRQHandler
                0x08000408                TAMP_STAMP_IRQHandler
                0x08000408                CAN2_RX1_IRQHandler
                0x08000408                EXTI3_IRQHandler
                0x08000408                TIM8_TRG_COM_TIM14_IRQHandler
                0x08000408                TIM1_UP_TIM10_IRQHandler
                0x08000408                TIM8_UP_TIM13_IRQHandler
                0x08000408                I2C3_ER_IRQHandler
                0x08000408                EXTI0_IRQHandler
                0x08000408                I2C2_EV_IRQHandler
                0x08000408                DMA1_Stream2_IRQHandler
                0x08000408                CAN1_RX0_IRQHandler
                0x08000408                FPU_IRQHandler
                0x08000408                OTG_HS_WKUP_IRQHandler
                0x08000408                LTDC_ER_IRQHandler
                0x08000408                CAN2_SCE_IRQHandler
                0x08000408                DMA2_Stream2_IRQHandler
                0x08000408                SPI1_IRQHandler
                0x08000408                TIM6_DAC_IRQHandler
                0x08000408                TIM1_BRK_TIM9_IRQHandler
                0x08000408                DCMI_IRQHandler
                0x08000408                CAN2_RX0_IRQHandler
                0x08000408                DMA2_Stream3_IRQHandler
                0x08000408                USART6_IRQHandler
                0x08000408                USART3_IRQHandler
                0x08000408                CAN1_RX1_IRQHandler
                0x08000408                UART5_IRQHandler
                0x08000408                DMA2_Stream0_IRQHandler
                0x08000408                TIM4_IRQHandler
                0x08000408                I2C1_EV_IRQHandler
                0x08000408                DMA1_Stream6_IRQHandler
                0x08000408                DMA1_Stream1_IRQHandler
                0x08000408                UART4_IRQHandler
                0x08000408                TIM3_IRQHandler
                0x08000408                RCC_IRQHandler
                0x08000408                TIM8_BRK_TIM12_IRQHandler
                0x08000408                Default_Handler
                0x08000408                EXTI15_10_IRQHandler
                0x08000408                ADC_IRQHandler
                0x08000408                DMA1_Stream7_IRQHandler
                0x08000408                SPI5_IRQHandler
                0x08000408                TIM7_IRQHandler
                0x08000408                CAN2_TX_IRQHandler
                0x08000408                TIM5_IRQHandler
                0x08000408                DMA2_Stream7_IRQHandler
                0x08000408                I2C3_EV_IRQHandler
                0x08000408                EXTI9_5_IRQHandler
                0x08000408                RTC_WKUP_IRQHandler
                0x08000408                LTDC_IRQHandler
                0x08000408                ETH_WKUP_IRQHandler
                0x08000408                SPI2_IRQHandler
                0x08000408                OTG_HS_EP1_IN_IRQHandler
                0x08000408                DMA1_Stream0_IRQHandler
                0x08000408                CAN1_TX_IRQHandler
                0x08000408                EXTI4_IRQHandler
                0x08000408                ETH_IRQHandler
                0x08000408                OTG_HS_EP1_OUT_IRQHandler
                0x08000408                WWDG_IRQHandler
                0x08000408                SPI6_IRQHandler
                0x08000408                TIM2_IRQHandler
                0x08000408                OTG_FS_WKUP_IRQHandler
                0x08000408                TIM1_TRG_COM_TIM11_IRQHandler
                0x08000408                OTG_HS_IRQHandler
                0x08000408                DMA2D_IRQHandler
                0x08000408                EXTI1_IRQHandler
                0x08000408                UART7_IRQHandler
                0x08000408                USART2_IRQHandler
                0x08000408                I2C2_ER_IRQHandler
                0x08000408                DMA2_Stream1_IRQHandler
                0x08000408                CAN1_SCE_IRQHandler
                0x08000408                FLASH_IRQHandler
                0x08000408                DMA2_Stream4_IRQHandler
                0x08000408                USART1_IRQHandler
                0x08000408                OTG_FS_IRQHandler
                0x08000408                SPI3_IRQHandler
                0x08000408                DMA1_Stream4_IRQHandler
                0x08000408                I2C1_ER_IRQHandler
                0x08000408                FMC_IRQHandler
                0x08000408                DMA2_Stream6_IRQHandler
                0x08000408                SAI1_IRQHandler
                0x08000408                DMA1_Stream3_IRQHandler

.inits          0x0800040c       0x28
                0x0800040c                __data_regions_array_start = .
                0x0800040c        0x4 LONG 0x8002180 LOADADDR (.data)
                0x08000410        0x4 LONG 0x20000000 ADDR (.data)
                0x08000414        0x4 LONG 0x20000078 (ADDR (.data) + SIZEOF (.data))
                0x08000418        0x4 LONG 0x8002180 LOADADDR (.data_CCMRAM)
                0x0800041c        0x4 LONG 0x10000000 ADDR (.data_CCMRAM)
                0x08000420        0x4 LONG 0x10000000 (ADDR (.data_CCMRAM) + SIZEOF (.data_CCMRAM))
                0x08000424                __data_regions_array_end = .
                0x08000424                __bss_regions_array_start = .
                0x08000424        0x4 LONG 0x20000078 ADDR (.bss)
                0x08000428        0x4 LONG 0x20000128 (ADDR (.bss) + SIZEOF (.bss))
                0x0800042c        0x4 LONG 0x10000000 ADDR (.bss_CCMRAM)
                0x08000430        0x4 LONG 0x10000000 (ADDR (.bss_CCMRAM) + SIZEOF (.bss_CCMRAM))
                0x08000434                __bss_regions_array_end = .
 *(.init)
 *(.fini)
                0x08000434                . = ALIGN (0x4)
                0x08000434                PROVIDE (__preinit_array_start = .)
 *(.preinit_array_sysinit .preinit_array_sysinit.*)
 *(.preinit_array_platform .preinit_array_platform.*)
 *(.preinit_array .preinit_array.*)
                0x08000434                PROVIDE (__preinit_array_end = .)
                0x08000434                . = ALIGN (0x4)
                0x08000434                PROVIDE (__init_array_start = .)
 *(SORT_BY_NAME(.init_array.*))
 *(.init_array)
                0x08000434                PROVIDE (__init_array_end = .)
                0x08000434                . = ALIGN (0x4)
                0x08000434                PROVIDE (__fini_array_start = .)
 *(SORT_BY_NAME(.fini_array.*))
 *(.fini_array)
                0x08000434                PROVIDE (__fini_array_end = .)

.flashtext
 *(.flashtext .flashtext.*)

.text           0x08000440     0x1d3e
 *(.text .text.*)
 .text.HAL_InitTick
                0x08000440       0x2c ./system/src/stm32f4-hal/stm32f4xx_hal.o
                0x08000440                HAL_InitTick
 .text.HAL_Init
                0x0800046c       0x34 ./system/src/stm32f4-hal/stm32f4xx_hal.o
                0x0800046c                HAL_Init
 .text.HAL_IncTick
                0x080004a0       0x10 ./system/src/stm32f4-hal/stm32f4xx_hal.o
                0x080004a0                HAL_IncTick
 .text.HAL_GetTick
                0x080004b0        0xc ./system/src/stm32f4-hal/stm32f4xx_hal.o
                0x080004b0                HAL_GetTick
 .text.HAL_NVIC_SetPriorityGrouping
                0x080004bc       0x3c ./system/src/stm32f4-hal/stm32f4xx_hal_cortex.o
                0x080004bc                HAL_NVIC_SetPriorityGrouping
 .text.HAL_NVIC_SetPriority
                0x080004f8       0x8c ./system/src/stm32f4-hal/stm32f4xx_hal_cortex.o
                0x080004f8                HAL_NVIC_SetPriority
 .text.HAL_SYSTICK_Config
                0x08000584       0x2c ./system/src/stm32f4-hal/stm32f4xx_hal_cortex.o
                0x08000584                HAL_SYSTICK_Config
 .text.HAL_SYSTICK_CLKSourceConfig
                0x080005b0       0x3c ./system/src/stm32f4-hal/stm32f4xx_hal_cortex.o
                0x080005b0                HAL_SYSTICK_CLKSourceConfig
 .text.HAL_GPIO_Init
                0x080005ec      0x318 ./system/src/stm32f4-hal/stm32f4xx_hal_gpio.o
                0x080005ec                HAL_GPIO_Init
 .text.HAL_GPIO_WritePin
                0x08000904       0x38 ./system/src/stm32f4-hal/stm32f4xx_hal_gpio.o
                0x08000904                HAL_GPIO_WritePin
 .text.HAL_RCC_OscConfig
                0x0800093c      0x43c ./system/src/stm32f4-hal/stm32f4xx_hal_rcc.o
                0x0800093c                HAL_RCC_OscConfig
 .text.HAL_RCC_GetSysClockFreq
                0x08000d78       0x94 ./system/src/stm32f4-hal/stm32f4xx_hal_rcc.o
                0x08000d78                HAL_RCC_GetSysClockFreq
 .text.HAL_RCC_ClockConfig
                0x08000e0c      0x258 ./system/src/stm32f4-hal/stm32f4xx_hal_rcc.o
                0x08000e0c                HAL_RCC_ClockConfig
 .text.HAL_RCC_GetHCLKFreq
                0x08001064        0xc ./system/src/stm32f4-hal/stm32f4xx_hal_rcc.o
                0x08001064                HAL_RCC_GetHCLKFreq
 .text._exit    0x08001070        0x2 ./system/src/newlib/_exit.o
                0x08001070                _exit
 *fill*         0x08001072        0x2 
 .text.abort    0x08001074       0x14 ./system/src/newlib/_exit.o
                0x08001074                abort
 .text._sbrk    0x08001088       0x44 ./system/src/newlib/_sbrk.o
                0x08001088                _sbrk
 .text.__initialize_args
                0x080010cc       0x10 ./system/src/newlib/_syscalls.o
                0x080010cc                __initialize_args
 .text.assert_failed
                0x080010dc       0x14 ./system/src/newlib/assert.o
                0x080010dc                assert_failed
 .text.trace_printf
                0x080010f0       0x34 ./system/src/diag/Trace.o
                0x080010f0                trace_printf
 .text.trace_puts
                0x08001124       0x20 ./system/src/diag/Trace.o
                0x08001124                trace_puts
 .text._trace_write_semihosting_debug
                0x08001144       0x60 ./system/src/diag/trace_impl.o
 .text.trace_write
                0x080011a4        0x8 ./system/src/diag/trace_impl.o
                0x080011a4                trace_write
 .text.__initialize_hardware_early
                0x080011ac       0x18 ./system/src/cortexm/_initialize_hardware.o
                0x080011ac                __initialize_hardware_early
 .text.dumpExceptionStack
                0x080011c4       0xf4 ./system/src/cortexm/exception_handlers.o
                0x080011c4                dumpExceptionStack
 .text.isSemihosting
                0x080012b8       0x20 ./system/src/cortexm/exception_handlers.o
                0x080012b8                isSemihosting
 .text.SystemInit
                0x080012d8       0x40 ./system/src/cmsis/system_stm32f4xx.o
                0x080012d8                SystemInit
 .text.SystemCoreClockUpdate
                0x08001318       0xa0 ./system/src/cmsis/system_stm32f4xx.o
                0x08001318                SystemCoreClockUpdate
 .text.blink_led_init
                0x080013b8       0x40 ./src/BlinkLed.o
                0x080013b8                blink_led_init
 .text.timer_start
                0x080013f8       0x3c ./src/Timer.o
                0x080013f8                timer_start
 .text.timer_sleep
                0x08001434       0x14 ./src/Timer.o
                0x08001434                timer_sleep
 .text.timer_tick
                0x08001448       0x14 ./src/Timer.o
                0x08001448                timer_tick
 .text.SysTick_Handler
                0x0800145c        0xc ./src/Timer.o
                0x0800145c                SysTick_Handler
 .text.SystemClock_Config
                0x08001468       0x9c ./src/_initialize_hardware.o
                0x08001468                SystemClock_Config
 .text.__initialize_hardware
                0x08001504       0x10 ./src/_initialize_hardware.o
                0x08001504                __initialize_hardware
 .text.main     0x08001514       0x6c ./src/main.o
                0x08001514                main
 .text.HAL_MspInit
                0x08001580        0x2 ./src/stm32f4xx_hal_msp.o
                0x08001580                HAL_MspInit
 *fill*         0x08001582        0x2 
 .text.__errno  0x08001584        0xc c:/program files (x86)/gnu tools arm embedded/9 2019-q4-major/bin/../lib/gcc/arm-none-eabi/9.2.1/../../../../arm-none-eabi/lib/thumb/v7e-m/nofp\libg_nano.a(lib_a-errno.o)
                0x08001584                __errno
 .text          0x08001590       0x10 c:/program files (x86)/gnu tools arm embedded/9 2019-q4-major/bin/../lib/gcc/arm-none-eabi/9.2.1/../../../../arm-none-eabi/lib/thumb/v7e-m/nofp\libg_nano.a(lib_a-strlen.o)
                0x08001590                strlen
 .text._vsnprintf_r
                0x080015a0       0x58 c:/program files (x86)/gnu tools arm embedded/9 2019-q4-major/bin/../lib/gcc/arm-none-eabi/9.2.1/../../../../arm-none-eabi/lib/thumb/v7e-m/nofp\libg_nano.a(lib_a-vsnprintf.o)
                0x080015a0                _vsniprintf_r
                0x080015a0                _vsnprintf_r
 .text.vsnprintf
                0x080015f8       0x1c c:/program files (x86)/gnu tools arm embedded/9 2019-q4-major/bin/../lib/gcc/arm-none-eabi/9.2.1/../../../../arm-none-eabi/lib/thumb/v7e-m/nofp\libg_nano.a(lib_a-vsnprintf.o)
                0x080015f8                vsniprintf
                0x080015f8                vsnprintf
 .text.__ssputs_r
                0x08001614       0xb6 c:/program files (x86)/gnu tools arm embedded/9 2019-q4-major/bin/../lib/gcc/arm-none-eabi/9.2.1/../../../../arm-none-eabi/lib/thumb/v7e-m/nofp\libg_nano.a(lib_a-nano-svfprintf.o)
                0x08001614                __ssputs_r
 *fill*         0x080016ca        0x2 
 .text._svfprintf_r
                0x080016cc      0x200 c:/program files (x86)/gnu tools arm embedded/9 2019-q4-major/bin/../lib/gcc/arm-none-eabi/9.2.1/../../../../arm-none-eabi/lib/thumb/v7e-m/nofp\libg_nano.a(lib_a-nano-svfprintf.o)
                0x080016cc                _svfiprintf_r
                0x080016cc                _svfprintf_r
 .text._printf_common
                0x080018cc       0xda c:/program files (x86)/gnu tools arm embedded/9 2019-q4-major/bin/../lib/gcc/arm-none-eabi/9.2.1/../../../../arm-none-eabi/lib/thumb/v7e-m/nofp\libg_nano.a(lib_a-nano-vfprintf_i.o)
                0x080018cc                _printf_common
 *fill*         0x080019a6        0x2 
 .text._printf_i
                0x080019a8      0x24c c:/program files (x86)/gnu tools arm embedded/9 2019-q4-major/bin/../lib/gcc/arm-none-eabi/9.2.1/../../../../arm-none-eabi/lib/thumb/v7e-m/nofp\libg_nano.a(lib_a-nano-vfprintf_i.o)
                0x080019a8                _printf_i
 *fill*         0x08001bf4        0xc 
 .text          0x08001c00       0xa0 c:/program files (x86)/gnu tools arm embedded/9 2019-q4-major/bin/../lib/gcc/arm-none-eabi/9.2.1/../../../../arm-none-eabi/lib/thumb/v7e-m/nofp\libg_nano.a(lib_a-memchr.o)
                0x08001c00                memchr
 .text.memcpy   0x08001ca0       0x1c c:/program files (x86)/gnu tools arm embedded/9 2019-q4-major/bin/../lib/gcc/arm-none-eabi/9.2.1/../../../../arm-none-eabi/lib/thumb/v7e-m/nofp\libg_nano.a(lib_a-memcpy-stub.o)
                0x08001ca0                memcpy
 .text.memmove  0x08001cbc       0x34 c:/program files (x86)/gnu tools arm embedded/9 2019-q4-major/bin/../lib/gcc/arm-none-eabi/9.2.1/../../../../arm-none-eabi/lib/thumb/v7e-m/nofp\libg_nano.a(lib_a-memmove.o)
                0x08001cbc                memmove
 .text._free_r  0x08001cf0       0x9c c:/program files (x86)/gnu tools arm embedded/9 2019-q4-major/bin/../lib/gcc/arm-none-eabi/9.2.1/../../../../arm-none-eabi/lib/thumb/v7e-m/nofp\libg_nano.a(lib_a-nano-freer.o)
                0x08001cf0                _free_r
 .text._malloc_r
                0x08001d8c       0xb4 c:/program files (x86)/gnu tools arm embedded/9 2019-q4-major/bin/../lib/gcc/arm-none-eabi/9.2.1/../../../../arm-none-eabi/lib/thumb/v7e-m/nofp\libg_nano.a(lib_a-nano-mallocr.o)
                0x08001d8c                _malloc_r
 .text._realloc_r
                0x08001e40       0x4c c:/program files (x86)/gnu tools arm embedded/9 2019-q4-major/bin/../lib/gcc/arm-none-eabi/9.2.1/../../../../arm-none-eabi/lib/thumb/v7e-m/nofp\libg_nano.a(lib_a-nano-reallocr.o)
                0x08001e40                _realloc_r
 .text._sbrk_r  0x08001e8c       0x20 c:/program files (x86)/gnu tools arm embedded/9 2019-q4-major/bin/../lib/gcc/arm-none-eabi/9.2.1/../../../../arm-none-eabi/lib/thumb/v7e-m/nofp\libg_nano.a(lib_a-sbrkr.o)
                0x08001e8c                _sbrk_r
 .text.__malloc_lock
                0x08001eac        0xc c:/program files (x86)/gnu tools arm embedded/9 2019-q4-major/bin/../lib/gcc/arm-none-eabi/9.2.1/../../../../arm-none-eabi/lib/thumb/v7e-m/nofp\libg_nano.a(lib_a-mlock.o)
                0x08001eac                __malloc_lock
 .text.__malloc_unlock
                0x08001eb8        0xc c:/program files (x86)/gnu tools arm embedded/9 2019-q4-major/bin/../lib/gcc/arm-none-eabi/9.2.1/../../../../arm-none-eabi/lib/thumb/v7e-m/nofp\libg_nano.a(lib_a-mlock.o)
                0x08001eb8                __malloc_unlock
 .text._malloc_usable_size_r
                0x08001ec4       0x10 c:/program files (x86)/gnu tools arm embedded/9 2019-q4-major/bin/../lib/gcc/arm-none-eabi/9.2.1/../../../../arm-none-eabi/lib/thumb/v7e-m/nofp\libg_nano.a(lib_a-nano-msizer.o)
                0x08001ec4                _malloc_usable_size_r
 .text.__retarget_lock_acquire_recursive
                0x08001ed4        0x2 c:/program files (x86)/gnu tools arm embedded/9 2019-q4-major/bin/../lib/gcc/arm-none-eabi/9.2.1/../../../../arm-none-eabi/lib/thumb/v7e-m/nofp\libg_nano.a(lib_a-lock.o)
                0x08001ed4                __retarget_lock_acquire_recursive
 .text.__retarget_lock_release_recursive
                0x08001ed6        0x2 c:/program files (x86)/gnu tools arm embedded/9 2019-q4-major/bin/../lib/gcc/arm-none-eabi/9.2.1/../../../../arm-none-eabi/lib/thumb/v7e-m/nofp\libg_nano.a(lib_a-lock.o)
                0x08001ed6                __retarget_lock_release_recursive
 *(.rodata .rodata.* .constdata .constdata.*)
 .rodata.HAL_NVIC_SetPriorityGrouping.str1.4
                0x08001ed8       0x31 ./system/src/stm32f4-hal/stm32f4xx_hal_cortex.o
 *fill*         0x08001f09        0x3 
 .rodata.HAL_GPIO_Init.str1.4
                0x08001f0c       0x2f ./system/src/stm32f4-hal/stm32f4xx_hal_gpio.o
 *fill*         0x08001f3b        0x1 
 .rodata.HAL_RCC_OscConfig.str1.4
                0x08001f3c       0x2e ./system/src/stm32f4-hal/stm32f4xx_hal_rcc.o
 *fill*         0x08001f6a        0x2 
 .rodata.APBAHBPrescTable
                0x08001f6c       0x10 ./system/src/stm32f4-hal/stm32f4xx_hal_rcc.o
                0x08001f6c                APBAHBPrescTable
 .rodata.abort.str1.4
                0x08001f7c       0x14 ./system/src/newlib/_exit.o
 .rodata.assert_failed.str1.4
                0x08001f90       0x2b ./system/src/newlib/assert.o
 .rodata.trace_puts.str1.4
                0x08001fbb       0x2b ./system/src/diag/Trace.o
                                  0x2 (size before relaxing)
 *fill*         0x08001fbb        0x1 
 .rodata.dumpExceptionStack.str1.4
                0x08001fbc      0x11a ./system/src/cortexm/exception_handlers.o
 *fill*         0x080020d6        0x2 
 .rodata.str1.4
                0x080020d8       0x2a ./system/src/cortexm/exception_handlers.o
 *fill*         0x08002102        0x2 
 .rodata.AHBPrescTable
                0x08002104       0x10 ./system/src/cmsis/system_stm32f4xx.o
                0x08002104                AHBPrescTable
 .rodata.main.str1.4
                0x08002114       0x37 ./src/main.o
 .rodata._svfprintf_r.str1.1
                0x0800214b       0x11 c:/program files (x86)/gnu tools arm embedded/9 2019-q4-major/bin/../lib/gcc/arm-none-eabi/9.2.1/../../../../arm-none-eabi/lib/thumb/v7e-m/nofp\libg_nano.a(lib_a-nano-svfprintf.o)
 .rodata._printf_i.str1.1
                0x0800215c       0x22 c:/program files (x86)/gnu tools arm embedded/9 2019-q4-major/bin/../lib/gcc/arm-none-eabi/9.2.1/../../../../arm-none-eabi/lib/thumb/v7e-m/nofp\libg_nano.a(lib_a-nano-vfprintf_i.o)
 *(vtable)
 *(.eh_frame*)
 *(.glue_7)
 .glue_7        0x0800217e        0x0 linker stubs
 *(.glue_7t)
 .glue_7t       0x0800217e        0x0 linker stubs

.vfp11_veneer   0x08002180        0x0
 .vfp11_veneer  0x08002180        0x0 linker stubs

.v4_bx          0x08002180        0x0
 .v4_bx         0x08002180        0x0 linker stubs

.iplt           0x08002180        0x0
 .iplt          0x08002180        0x0 ./system/src/stm32f4-hal/stm32f4xx_hal.o

.rel.dyn        0x08002180        0x0
 .rel.iplt      0x08002180        0x0 ./system/src/stm32f4-hal/stm32f4xx_hal.o

.ARM.extab
 *(.ARM.extab* .gnu.linkonce.armextab.*)
                0x08002180                . = ALIGN (0x4)
                0x08002180                __exidx_start = .

.ARM.exidx
 *(.ARM.exidx* .gnu.linkonce.armexidx.*)
                0x08002180                __exidx_end = .
                0x08002180                . = ALIGN (0x4)
                0x08002180                _etext = .
                0x08002180                __etext = .

.data_CCMRAM    0x10000000        0x0 load address 0x08002180
 FILL mask 0xff
 *(.data.CCMRAM .data.CCMRAM.*)
                0x10000000                . = ALIGN (0x4)
                0x08002180                _sidata = LOADADDR (.data)

.data           0x20000000       0x78 load address 0x08002180
 FILL mask 0xff
                0x20000000                _sdata = .
                0x20000000                __data_start__ = .
 *(.data_begin .data_begin.*)
 .data_begin    0x20000000        0x4 ./system/src/newlib/_startup.o
 *(.data .data.*)
 .data.argv.4354
                0x20000004        0x8 ./system/src/newlib/_syscalls.o
 .data.SystemCoreClock
                0x2000000c        0x4 ./system/src/cmsis/system_stm32f4xx.o
                0x2000000c                SystemCoreClock
 .data._impure_ptr
                0x20000010        0x4 c:/program files (x86)/gnu tools arm embedded/9 2019-q4-major/bin/../lib/gcc/arm-none-eabi/9.2.1/../../../../arm-none-eabi/lib/thumb/v7e-m/nofp\libg_nano.a(lib_a-impure.o)
                0x20000010                _impure_ptr
 .data.impure_data
                0x20000014       0x60 c:/program files (x86)/gnu tools arm embedded/9 2019-q4-major/bin/../lib/gcc/arm-none-eabi/9.2.1/../../../../arm-none-eabi/lib/thumb/v7e-m/nofp\libg_nano.a(lib_a-impure.o)
 *(.data_end .data_end.*)
 .data_end      0x20000074        0x4 ./system/src/newlib/_startup.o
                0x20000078                . = ALIGN (0x4)
                0x20000078                _edata = .
                0x20000078                __data_end__ = .

.igot.plt       0x20000078        0x0 load address 0x080021f8
 .igot.plt      0x20000078        0x0 ./system/src/stm32f4-hal/stm32f4xx_hal.o

.bss_CCMRAM     0x10000000        0x0
 *(.bss.CCMRAM .bss.CCMRAM.*)

.bss            0x20000078       0xb0
                0x20000078                __bss_start__ = .
                0x20000078                _sbss = .
 *(.bss_begin .bss_begin.*)
 .bss_begin     0x20000078        0x4 ./system/src/newlib/_startup.o
 *(.bss .bss.*)
 .bss.current_heap_end.3984
                0x2000007c        0x4 ./system/src/newlib/_sbrk.o
 .bss.name.4353
                0x20000080        0x1 ./system/src/newlib/_syscalls.o
 *fill*         0x20000081        0x3 
 .bss.buf.5228  0x20000084       0x80 ./system/src/diag/Trace.o
 .bss.__malloc_free_list
                0x20000104        0x4 c:/program files (x86)/gnu tools arm embedded/9 2019-q4-major/bin/../lib/gcc/arm-none-eabi/9.2.1/../../../../arm-none-eabi/lib/thumb/v7e-m/nofp\libg_nano.a(lib_a-nano-mallocr.o)
                0x20000104                __malloc_free_list
 .bss.__malloc_sbrk_start
                0x20000108        0x4 c:/program files (x86)/gnu tools arm embedded/9 2019-q4-major/bin/../lib/gcc/arm-none-eabi/9.2.1/../../../../arm-none-eabi/lib/thumb/v7e-m/nofp\libg_nano.a(lib_a-nano-mallocr.o)
                0x20000108                __malloc_sbrk_start
 *(COMMON)
 COMMON         0x2000010c        0x4 ./system/src/stm32f4-hal/stm32f4xx_hal.o
                0x2000010c                uwTick
 COMMON         0x20000110        0x4 ./system/src/newlib/_syscalls.o
                0x20000110                errno
 COMMON         0x20000114        0x4 ./src/Timer.o
                0x20000114                timer_delayCount
 COMMON         0x20000118        0x9 c:/program files (x86)/gnu tools arm embedded/9 2019-q4-major/bin/../lib/gcc/arm-none-eabi/9.2.1/../../../../arm-none-eabi/lib/thumb/v7e-m/nofp\libg_nano.a(lib_a-lock.o)
                0x20000118                __lock___atexit_recursive_mutex
                0x20000119                __lock___arc4random_mutex
                0x2000011a                __lock___env_recursive_mutex
                0x2000011b                __lock___sinit_recursive_mutex
                0x2000011c                __lock___malloc_recursive_mutex
                0x2000011d                __lock___at_quick_exit_mutex
                0x2000011e                __lock___dd_hash_mutex
                0x2000011f                __lock___tz_mutex
                0x20000120                __lock___sfp_recursive_mutex
 *(.bss_end .bss_end.*)
 *fill*         0x20000121        0x3 
 .bss_end       0x20000124        0x4 ./system/src/newlib/_startup.o
                0x20000128                . = ALIGN (0x4)
                0x20000128                __bss_end__ = .
                0x20000128                _ebss = .

.noinit_CCMRAM
 *(.noinit.CCMRAM .noinit.CCMRAM.*)

.noinit         0x20000128        0x0
                0x20000128                _noinit = .
 *(.noinit .noinit.*)
                0x20000128                . = ALIGN (0x4)
                0x20000128                _end_noinit = .
                [!provide]                PROVIDE (end = _end_noinit)
                [!provide]                PROVIDE (_end = _end_noinit)
                [!provide]                PROVIDE (__end = _end_noinit)
                [!provide]                PROVIDE (__end__ = _end_noinit)

._check_stack   0x20000128      0x100
                0x20000228                . = (. + _Minimum_Stack_Size)
 *fill*         0x20000128      0x100 

.b1text
 *(.b1text)
 *(.b1rodata)
 *(.b1rodata.*)

.eb0text
 *(.eb0text)
 *(.eb0rodata)
 *(.eb0rodata.*)

.eb1text
 *(.eb1text)
 *(.eb1rodata)
 *(.eb1rodata.*)

.eb2text
 *(.eb2text)
 *(.eb2rodata)
 *(.eb2rodata.*)

.eb3text
 *(.eb3text)
 *(.eb3rodata)
 *(.eb3rodata.*)

.stab
 *(.stab)

.stabstr
 *(.stabstr)

.stab.excl
 *(.stab.excl)

.stab.exclstr
 *(.stab.exclstr)

.stab.index
 *(.stab.index)

.stab.indexstr
 *(.stab.indexstr)

.comment        0x00000000       0x79
 *(.comment)
 .comment       0x00000000       0x79 ./system/src/stm32f4-hal/stm32f4xx_hal.o
                                 0x7a (size before relaxing)
 .comment       0x00000079       0x7a ./system/src/stm32f4-hal/stm32f4xx_hal_cortex.o
 .comment       0x00000079       0x7a ./system/src/stm32f4-hal/stm32f4xx_hal_gpio.o
 .comment       0x00000079       0x7a ./system/src/stm32f4-hal/stm32f4xx_hal_rcc.o
 .comment       0x00000079       0x7a ./system/src/newlib/_exit.o
 .comment       0x00000079       0x7a ./system/src/newlib/_sbrk.o
 .comment       0x00000079       0x7a ./system/src/newlib/_startup.o
 .comment       0x00000079       0x7a ./system/src/newlib/_syscalls.o
 .comment       0x00000079       0x7a ./system/src/newlib/assert.o
 .comment       0x00000079       0x7a ./system/src/diag/Trace.o
 .comment       0x00000079       0x7a ./system/src/diag/trace_impl.o
 .comment       0x00000079       0x7a ./system/src/cortexm/_initialize_hardware.o
 .comment       0x00000079       0x7a ./system/src/cortexm/exception_handlers.o
 .comment       0x00000079       0x7a ./system/src/cmsis/system_stm32f4xx.o
 .comment       0x00000079       0x7a ./system/src/cmsis/vectors_stm32f429xx.o
 .comment       0x00000079       0x7a ./src/BlinkLed.o
 .comment       0x00000079       0x7a ./src/Timer.o
 .comment       0x00000079       0x7a ./src/_initialize_hardware.o
 .comment       0x00000079       0x7a ./src/main.o
 .comment       0x00000079       0x7a ./src/stm32f4xx_hal_msp.o

.ARM.attributes
                0x00000000       0x2c
 .ARM.attributes
                0x00000000       0x2e ./system/src/stm32f4-hal/stm32f4xx_hal.o
 .ARM.attributes
                0x0000002e       0x2e ./system/src/stm32f4-hal/stm32f4xx_hal_cortex.o
 .ARM.attributes
                0x0000005c       0x2e ./system/src/stm32f4-hal/stm32f4xx_hal_gpio.o
 .ARM.attributes
                0x0000008a       0x2e ./system/src/stm32f4-hal/stm32f4xx_hal_rcc.o
 .ARM.attributes
                0x000000b8       0x2e ./system/src/newlib/_exit.o
 .ARM.attributes
                0x000000e6       0x2e ./system/src/newlib/_sbrk.o
 .ARM.attributes
                0x00000114       0x2e ./system/src/newlib/_startup.o
 .ARM.attributes
                0x00000142       0x2e ./system/src/newlib/_syscalls.o
 .ARM.attributes
                0x00000170       0x2e ./system/src/newlib/assert.o
 .ARM.attributes
                0x0000019e       0x2e ./system/src/diag/Trace.o
 .ARM.attributes
                0x000001cc       0x2e ./system/src/diag/trace_impl.o
 .ARM.attributes
                0x000001fa       0x2e ./system/src/cortexm/_initialize_hardware.o
 .ARM.attributes
                0x00000228       0x2e ./system/src/cortexm/exception_handlers.o
 .ARM.attributes
                0x00000256       0x2e ./system/src/cmsis/system_stm32f4xx.o
 .ARM.attributes
                0x00000284       0x2e ./system/src/cmsis/vectors_stm32f429xx.o
 .ARM.attributes
                0x000002b2       0x2e ./src/BlinkLed.o
 .ARM.attributes
                0x000002e0       0x2e ./src/Timer.o
 .ARM.attributes
                0x0000030e       0x2e ./src/_initialize_hardware.o
 .ARM.attributes
                0x0000033c       0x2e ./src/main.o
 .ARM.attributes
                0x0000036a       0x2e ./src/stm32f4xx_hal_msp.o
 .ARM.attributes
                0x00000398       0x2e c:/program files (x86)/gnu tools arm embedded/9 2019-q4-major/bin/../lib/gcc/arm-none-eabi/9.2.1/../../../../arm-none-eabi/lib/thumb/v7e-m/nofp\libg_nano.a(lib_a-errno.o)
 .ARM.attributes
                0x000003c6       0x2e c:/program files (x86)/gnu tools arm embedded/9 2019-q4-major/bin/../lib/gcc/arm-none-eabi/9.2.1/../../../../arm-none-eabi/lib/thumb/v7e-m/nofp\libg_nano.a(lib_a-impure.o)
 .ARM.attributes
                0x000003f4       0x17 c:/program files (x86)/gnu tools arm embedded/9 2019-q4-major/bin/../lib/gcc/arm-none-eabi/9.2.1/../../../../arm-none-eabi/lib/thumb/v7e-m/nofp\libg_nano.a(lib_a-strlen.o)
 .ARM.attributes
                0x0000040b       0x2e c:/program files (x86)/gnu tools arm embedded/9 2019-q4-major/bin/../lib/gcc/arm-none-eabi/9.2.1/../../../../arm-none-eabi/lib/thumb/v7e-m/nofp\libg_nano.a(lib_a-vsnprintf.o)
 .ARM.attributes
                0x00000439       0x2e c:/program files (x86)/gnu tools arm embedded/9 2019-q4-major/bin/../lib/gcc/arm-none-eabi/9.2.1/../../../../arm-none-eabi/lib/thumb/v7e-m/nofp\libg_nano.a(lib_a-nano-svfprintf.o)
 .ARM.attributes
                0x00000467       0x2e c:/program files (x86)/gnu tools arm embedded/9 2019-q4-major/bin/../lib/gcc/arm-none-eabi/9.2.1/../../../../arm-none-eabi/lib/thumb/v7e-m/nofp\libg_nano.a(lib_a-nano-vfprintf_i.o)
 .ARM.attributes
                0x00000495       0x1c c:/program files (x86)/gnu tools arm embedded/9 2019-q4-major/bin/../lib/gcc/arm-none-eabi/9.2.1/../../../../arm-none-eabi/lib/thumb/v7e-m/nofp\libg_nano.a(lib_a-memchr.o)
 .ARM.attributes
                0x000004b1       0x2e c:/program files (x86)/gnu tools arm embedded/9 2019-q4-major/bin/../lib/gcc/arm-none-eabi/9.2.1/../../../../arm-none-eabi/lib/thumb/v7e-m/nofp\libg_nano.a(lib_a-memcpy-stub.o)
 .ARM.attributes
                0x000004df       0x2e c:/program files (x86)/gnu tools arm embedded/9 2019-q4-major/bin/../lib/gcc/arm-none-eabi/9.2.1/../../../../arm-none-eabi/lib/thumb/v7e-m/nofp\libg_nano.a(lib_a-memmove.o)
 .ARM.attributes
                0x0000050d       0x2e c:/program files (x86)/gnu tools arm embedded/9 2019-q4-major/bin/../lib/gcc/arm-none-eabi/9.2.1/../../../../arm-none-eabi/lib/thumb/v7e-m/nofp\libg_nano.a(lib_a-nano-freer.o)
 .ARM.attributes
                0x0000053b       0x2e c:/program files (x86)/gnu tools arm embedded/9 2019-q4-major/bin/../lib/gcc/arm-none-eabi/9.2.1/../../../../arm-none-eabi/lib/thumb/v7e-m/nofp\libg_nano.a(lib_a-nano-mallocr.o)
 .ARM.attributes
                0x00000569       0x2e c:/program files (x86)/gnu tools arm embedded/9 2019-q4-major/bin/../lib/gcc/arm-none-eabi/9.2.1/../../../../arm-none-eabi/lib/thumb/v7e-m/nofp\libg_nano.a(lib_a-nano-reallocr.o)
 .ARM.attributes
                0x00000597       0x2e c:/program files (x86)/gnu tools arm embedded/9 2019-q4-major/bin/../lib/gcc/arm-none-eabi/9.2.1/../../../../arm-none-eabi/lib/thumb/v7e-m/nofp\libg_nano.a(lib_a-sbrkr.o)
 .ARM.attributes
                0x000005c5       0x2e c:/program files (x86)/gnu tools arm embedded/9 2019-q4-major/bin/../lib/gcc/arm-none-eabi/9.2.1/../../../../arm-none-eabi/lib/thumb/v7e-m/nofp\libg_nano.a(lib_a-mlock.o)
 .ARM.attributes
                0x000005f3       0x2e c:/program files (x86)/gnu tools arm embedded/9 2019-q4-major/bin/../lib/gcc/arm-none-eabi/9.2.1/../../../../arm-none-eabi/lib/thumb/v7e-m/nofp\libg_nano.a(lib_a-nano-msizer.o)
 .ARM.attributes
                0x00000621       0x2e c:/program files (x86)/gnu tools arm embedded/9 2019-q4-major/bin/../lib/gcc/arm-none-eabi/9.2.1/../../../../arm-none-eabi/lib/thumb/v7e-m/nofp\libg_nano.a(lib_a-lock.o)

.debug
 *(.debug)

.line
 *(.line)

.debug_srcinfo
 *(.debug_srcinfo)

.debug_sfnames
 *(.debug_sfnames)

.debug_aranges  0x00000000      0x568
 *(.debug_aranges)
 .debug_aranges
                0x00000000       0xd0 ./system/src/stm32f4-hal/stm32f4xx_hal.o
 .debug_aranges
                0x000000d0       0x98 ./system/src/stm32f4-hal/stm32f4xx_hal_cortex.o
 .debug_aranges
                0x00000168       0x58 ./system/src/stm32f4-hal/stm32f4xx_hal_gpio.o
 .debug_aranges
                0x000001c0       0x88 ./system/src/stm32f4-hal/stm32f4xx_hal_rcc.o
 .debug_aranges
                0x00000248       0x28 ./system/src/newlib/_exit.o
 .debug_aranges
                0x00000270       0x20 ./system/src/newlib/_sbrk.o
 .debug_aranges
                0x00000290       0x40 ./system/src/newlib/_startup.o
 .debug_aranges
                0x000002d0       0x30 ./system/src/newlib/_syscalls.o
 .debug_aranges
                0x00000300       0x28 ./system/src/newlib/assert.o
 .debug_aranges
                0x00000328       0x38 ./system/src/diag/Trace.o
 .debug_aranges
                0x00000360       0x30 ./system/src/diag/trace_impl.o
 .debug_aranges
                0x00000390       0x28 ./system/src/cortexm/_initialize_hardware.o
 .debug_aranges
                0x000003b8       0x90 ./system/src/cortexm/exception_handlers.o
 .debug_aranges
                0x00000448       0x28 ./system/src/cmsis/system_stm32f4xx.o
 .debug_aranges
                0x00000470       0x20 ./system/src/cmsis/vectors_stm32f429xx.o
 .debug_aranges
                0x00000490       0x20 ./src/BlinkLed.o
 .debug_aranges
                0x000004b0       0x38 ./src/Timer.o
 .debug_aranges
                0x000004e8       0x28 ./src/_initialize_hardware.o
 .debug_aranges
                0x00000510       0x20 ./src/main.o
 .debug_aranges
                0x00000530       0x38 ./src/stm32f4xx_hal_msp.o

.debug_pubnames
 *(.debug_pubnames)

.debug_info     0x00000000    0x10da7
 *(.debug_info .gnu.linkonce.wi.*)
 .debug_info    0x00000000     0x12cc ./system/src/stm32f4-hal/stm32f4xx_hal.o
 .debug_info    0x000012cc     0x1b67 ./system/src/stm32f4-hal/stm32f4xx_hal_cortex.o
 .debug_info    0x00002e33     0x11f5 ./system/src/stm32f4-hal/stm32f4xx_hal_gpio.o
 .debug_info    0x00004028     0x1931 ./system/src/stm32f4-hal/stm32f4xx_hal_rcc.o
 .debug_info    0x00005959      0x9e7 ./system/src/newlib/_exit.o
 .debug_info    0x00006340      0x9d4 ./system/src/newlib/_sbrk.o
 .debug_info    0x00006d14      0x573 ./system/src/newlib/_startup.o
 .debug_info    0x00007287      0xab9 ./system/src/newlib/_syscalls.o
 .debug_info    0x00007d40      0xaaa ./system/src/newlib/assert.o
 .debug_info    0x000087ea      0xbdb ./system/src/diag/Trace.o
 .debug_info    0x000093c5      0xc32 ./system/src/diag/trace_impl.o
 .debug_info    0x00009ff7      0xb7f ./system/src/cortexm/_initialize_hardware.o
 .debug_info    0x0000ab76     0x1296 ./system/src/cortexm/exception_handlers.o
 .debug_info    0x0000be0c      0xdc9 ./system/src/cmsis/system_stm32f4xx.o
 .debug_info    0x0000cbd5       0xce ./system/src/cmsis/vectors_stm32f429xx.o
 .debug_info    0x0000cca3      0xcea ./src/BlinkLed.o
 .debug_info    0x0000d98d     0x104f ./src/Timer.o
 .debug_info    0x0000e9dc      0xdf2 ./src/_initialize_hardware.o
 .debug_info    0x0000f7ce      0xc42 ./src/main.o
 .debug_info    0x00010410      0x997 ./src/stm32f4xx_hal_msp.o

.debug_abbrev   0x00000000     0x34b2
 *(.debug_abbrev)
 .debug_abbrev  0x00000000      0x37b ./system/src/stm32f4-hal/stm32f4xx_hal.o
 .debug_abbrev  0x0000037b      0x470 ./system/src/stm32f4-hal/stm32f4xx_hal_cortex.o
 .debug_abbrev  0x000007eb      0x32f ./system/src/stm32f4-hal/stm32f4xx_hal_gpio.o
 .debug_abbrev  0x00000b1a      0x3fb ./system/src/stm32f4-hal/stm32f4xx_hal_rcc.o
 .debug_abbrev  0x00000f15      0x222 ./system/src/newlib/_exit.o
 .debug_abbrev  0x00001137      0x232 ./system/src/newlib/_sbrk.o
 .debug_abbrev  0x00001369      0x1fa ./system/src/newlib/_startup.o
 .debug_abbrev  0x00001563      0x26d ./system/src/newlib/_syscalls.o
 .debug_abbrev  0x000017d0      0x222 ./system/src/newlib/assert.o
 .debug_abbrev  0x000019f2      0x2c6 ./system/src/diag/Trace.o
 .debug_abbrev  0x00001cb8      0x345 ./system/src/diag/trace_impl.o
 .debug_abbrev  0x00001ffd      0x20a ./system/src/cortexm/_initialize_hardware.o
 .debug_abbrev  0x00002207      0x372 ./system/src/cortexm/exception_handlers.o
 .debug_abbrev  0x00002579      0x250 ./system/src/cmsis/system_stm32f4xx.o
 .debug_abbrev  0x000027c9       0xa5 ./system/src/cmsis/vectors_stm32f429xx.o
 .debug_abbrev  0x0000286e      0x26e ./src/BlinkLed.o
 .debug_abbrev  0x00002adc      0x301 ./src/Timer.o
 .debug_abbrev  0x00002ddd      0x25d ./src/_initialize_hardware.o
 .debug_abbrev  0x0000303a      0x29f ./src/main.o
 .debug_abbrev  0x000032d9      0x1d9 ./src/stm32f4xx_hal_msp.o

.debug_line     0x00000000     0xc8a0
 *(.debug_line)
 .debug_line    0x00000000      0xd98 ./system/src/stm32f4-hal/stm32f4xx_hal.o
 .debug_line    0x00000d98     0x105a ./system/src/stm32f4-hal/stm32f4xx_hal_cortex.o
 .debug_line    0x00001df2     0x1133 ./system/src/stm32f4-hal/stm32f4xx_hal_gpio.o
 .debug_line    0x00002f25     0x1615 ./system/src/stm32f4-hal/stm32f4xx_hal_rcc.o
 .debug_line    0x0000453a      0x389 ./system/src/newlib/_exit.o
 .debug_line    0x000048c3      0x373 ./system/src/newlib/_sbrk.o
 .debug_line    0x00004c36      0x665 ./system/src/newlib/_startup.o
 .debug_line    0x0000529b      0x48a ./system/src/newlib/_syscalls.o
 .debug_line    0x00005725      0x3c5 ./system/src/newlib/assert.o
 .debug_line    0x00005aea      0x465 ./system/src/diag/Trace.o
 .debug_line    0x00005f4f      0xbde ./system/src/diag/trace_impl.o
 .debug_line    0x00006b2d      0xad9 ./system/src/cortexm/_initialize_hardware.o
 .debug_line    0x00007606      0xdfd ./system/src/cortexm/exception_handlers.o
 .debug_line    0x00008403      0xb9c ./system/src/cmsis/system_stm32f4xx.o
 .debug_line    0x00008f9f      0x11f ./system/src/cmsis/vectors_stm32f429xx.o
 .debug_line    0x000090be      0xad3 ./src/BlinkLed.o
 .debug_line    0x00009b91      0xb9f ./src/Timer.o
 .debug_line    0x0000a730      0xb3a ./src/_initialize_hardware.o
 .debug_line    0x0000b26a      0xb6c ./src/main.o
 .debug_line    0x0000bdd6      0xaca ./src/stm32f4xx_hal_msp.o

.debug_frame    0x00000000      0xe6c
 *(.debug_frame)
 .debug_frame   0x00000000      0x1a8 ./system/src/stm32f4-hal/stm32f4xx_hal.o
 .debug_frame   0x000001a8      0x17c ./system/src/stm32f4-hal/stm32f4xx_hal_cortex.o
 .debug_frame   0x00000324       0xfc ./system/src/stm32f4-hal/stm32f4xx_hal_gpio.o
 .debug_frame   0x00000420      0x13c ./system/src/stm32f4-hal/stm32f4xx_hal_rcc.o
 .debug_frame   0x0000055c       0x38 ./system/src/newlib/_exit.o
 .debug_frame   0x00000594       0x28 ./system/src/newlib/_sbrk.o
 .debug_frame   0x000005bc       0x7c ./system/src/newlib/_startup.o
 .debug_frame   0x00000638       0x50 ./system/src/newlib/_syscalls.o
 .debug_frame   0x00000688       0x40 ./system/src/newlib/assert.o
 .debug_frame   0x000006c8       0x94 ./system/src/diag/Trace.o
 .debug_frame   0x0000075c       0x64 ./system/src/diag/trace_impl.o
 .debug_frame   0x000007c0       0x40 ./system/src/cortexm/_initialize_hardware.o
 .debug_frame   0x00000800      0x158 ./system/src/cortexm/exception_handlers.o
 .debug_frame   0x00000958       0x30 ./system/src/cmsis/system_stm32f4xx.o
 .debug_frame   0x00000988       0x20 ./system/src/cmsis/vectors_stm32f429xx.o
 .debug_frame   0x000009a8       0x30 ./src/BlinkLed.o
 .debug_frame   0x000009d8       0x58 ./src/Timer.o
 .debug_frame   0x00000a30       0x48 ./src/_initialize_hardware.o
 .debug_frame   0x00000a78       0x28 ./src/main.o
 .debug_frame   0x00000aa0       0x50 ./src/stm32f4xx_hal_msp.o
 .debug_frame   0x00000af0       0x20 c:/program files (x86)/gnu tools arm embedded/9 2019-q4-major/bin/../lib/gcc/arm-none-eabi/9.2.1/../../../../arm-none-eabi/lib/thumb/v7e-m/nofp\libg_nano.a(lib_a-errno.o)
 .debug_frame   0x00000b10       0x4c c:/program files (x86)/gnu tools arm embedded/9 2019-q4-major/bin/../lib/gcc/arm-none-eabi/9.2.1/../../../../arm-none-eabi/lib/thumb/v7e-m/nofp\libg_nano.a(lib_a-vsnprintf.o)
 .debug_frame   0x00000b5c       0x90 c:/program files (x86)/gnu tools arm embedded/9 2019-q4-major/bin/../lib/gcc/arm-none-eabi/9.2.1/../../../../arm-none-eabi/lib/thumb/v7e-m/nofp\libg_nano.a(lib_a-nano-svfprintf.o)
 .debug_frame   0x00000bec       0x60 c:/program files (x86)/gnu tools arm embedded/9 2019-q4-major/bin/../lib/gcc/arm-none-eabi/9.2.1/../../../../arm-none-eabi/lib/thumb/v7e-m/nofp\libg_nano.a(lib_a-nano-vfprintf_i.o)
 .debug_frame   0x00000c4c       0x28 c:/program files (x86)/gnu tools arm embedded/9 2019-q4-major/bin/../lib/gcc/arm-none-eabi/9.2.1/../../../../arm-none-eabi/lib/thumb/v7e-m/nofp\libg_nano.a(lib_a-memcpy-stub.o)
 .debug_frame   0x00000c74       0x28 c:/program files (x86)/gnu tools arm embedded/9 2019-q4-major/bin/../lib/gcc/arm-none-eabi/9.2.1/../../../../arm-none-eabi/lib/thumb/v7e-m/nofp\libg_nano.a(lib_a-memmove.o)
 .debug_frame   0x00000c9c       0x38 c:/program files (x86)/gnu tools arm embedded/9 2019-q4-major/bin/../lib/gcc/arm-none-eabi/9.2.1/../../../../arm-none-eabi/lib/thumb/v7e-m/nofp\libg_nano.a(lib_a-nano-freer.o)
 .debug_frame   0x00000cd4       0x30 c:/program files (x86)/gnu tools arm embedded/9 2019-q4-major/bin/../lib/gcc/arm-none-eabi/9.2.1/../../../../arm-none-eabi/lib/thumb/v7e-m/nofp\libg_nano.a(lib_a-nano-mallocr.o)
 .debug_frame   0x00000d04       0x3c c:/program files (x86)/gnu tools arm embedded/9 2019-q4-major/bin/../lib/gcc/arm-none-eabi/9.2.1/../../../../arm-none-eabi/lib/thumb/v7e-m/nofp\libg_nano.a(lib_a-nano-reallocr.o)
 .debug_frame   0x00000d40       0x2c c:/program files (x86)/gnu tools arm embedded/9 2019-q4-major/bin/../lib/gcc/arm-none-eabi/9.2.1/../../../../arm-none-eabi/lib/thumb/v7e-m/nofp\libg_nano.a(lib_a-sbrkr.o)
 .debug_frame   0x00000d6c       0x30 c:/program files (x86)/gnu tools arm embedded/9 2019-q4-major/bin/../lib/gcc/arm-none-eabi/9.2.1/../../../../arm-none-eabi/lib/thumb/v7e-m/nofp\libg_nano.a(lib_a-mlock.o)
 .debug_frame   0x00000d9c       0x20 c:/program files (x86)/gnu tools arm embedded/9 2019-q4-major/bin/../lib/gcc/arm-none-eabi/9.2.1/../../../../arm-none-eabi/lib/thumb/v7e-m/nofp\libg_nano.a(lib_a-nano-msizer.o)
 .debug_frame   0x00000dbc       0xb0 c:/program files (x86)/gnu tools arm embedded/9 2019-q4-major/bin/../lib/gcc/arm-none-eabi/9.2.1/../../../../arm-none-eabi/lib/thumb/v7e-m/nofp\libg_nano.a(lib_a-lock.o)

.debug_str      0x00000000    0xa9156
 *(.debug_str)
 .debug_str     0x00000000    0xa53f7 ./system/src/stm32f4-hal/stm32f4xx_hal.o
                              0xa5831 (size before relaxing)
 .debug_str     0x000a53f7      0x39d ./system/src/stm32f4-hal/stm32f4xx_hal_cortex.o
                              0xa565f (size before relaxing)
 .debug_str     0x000a5794      0x2dd ./system/src/stm32f4-hal/stm32f4xx_hal_gpio.o
                              0xa5024 (size before relaxing)
 .debug_str     0x000a5a71      0x393 ./system/src/stm32f4-hal/stm32f4xx_hal_rcc.o
                              0xa51b2 (size before relaxing)
 .debug_str     0x000a5e04     0x10ff ./system/src/newlib/_exit.o
                               0x7ed6 (size before relaxing)
 .debug_str     0x000a6f03      0x4f5 ./system/src/newlib/_sbrk.o
                               0x7288 (size before relaxing)
 .debug_str     0x000a73f8      0x2c6 ./system/src/newlib/_startup.o
                               0x6a29 (size before relaxing)
 .debug_str     0x000a76be      0xf90 ./system/src/newlib/_syscalls.o
                               0x8277 (size before relaxing)
 .debug_str     0x000a864e       0xd0 ./system/src/newlib/assert.o
                               0x89db (size before relaxing)
 .debug_str     0x000a871e      0x176 ./system/src/diag/Trace.o
                               0x864e (size before relaxing)
 .debug_str     0x000a8894      0x37b ./system/src/diag/trace_impl.o
                              0xa5f2e (size before relaxing)
 .debug_str     0x000a8c0f       0x5e ./system/src/cortexm/_initialize_hardware.o
                              0xa4cc0 (size before relaxing)
 .debug_str     0x000a8c6d      0x19d ./system/src/cortexm/exception_handlers.o
                              0xa60b8 (size before relaxing)
 .debug_str     0x000a8e0a       0x46 ./system/src/cmsis/system_stm32f4xx.o
                              0xa4da2 (size before relaxing)
 .debug_str     0x000a8e50       0x59 ./system/src/cmsis/vectors_stm32f429xx.o
                               0x3970 (size before relaxing)
 .debug_str     0x000a8ea9      0x12f ./src/BlinkLed.o
                              0xa4e88 (size before relaxing)
 .debug_str     0x000a8fd8       0x76 ./src/Timer.o
                              0xa530e (size before relaxing)
 .debug_str     0x000a904e       0x31 ./src/_initialize_hardware.o
                              0xa4eb8 (size before relaxing)
 .debug_str     0x000a907f       0x9a ./src/main.o
                              0xa5f1e (size before relaxing)
 .debug_str     0x000a9119       0x3d ./src/stm32f4xx_hal_msp.o
                              0xa4c08 (size before relaxing)

.debug_loc      0x00000000     0x2782
 *(.debug_loc)
 .debug_loc     0x00000000      0x135 ./system/src/stm32f4-hal/stm32f4xx_hal.o
 .debug_loc     0x00000135      0x8ef ./system/src/stm32f4-hal/stm32f4xx_hal_cortex.o
 .debug_loc     0x00000a24      0x663 ./system/src/stm32f4-hal/stm32f4xx_hal_gpio.o
 .debug_loc     0x00001087      0x7a1 ./system/src/stm32f4-hal/stm32f4xx_hal_rcc.o
 .debug_loc     0x00001828       0x15 ./system/src/newlib/_exit.o
 .debug_loc     0x0000183d       0x97 ./system/src/newlib/_sbrk.o
 .debug_loc     0x000018d4      0x49b ./system/src/newlib/_startup.o
 .debug_loc     0x00001d6f       0x6f ./system/src/newlib/_syscalls.o
 .debug_loc     0x00001dde      0x160 ./system/src/newlib/assert.o
 .debug_loc     0x00001f3e      0x118 ./system/src/diag/Trace.o
 .debug_loc     0x00002056      0x194 ./system/src/diag/trace_impl.o
 .debug_loc     0x000021ea      0x35c ./system/src/cortexm/exception_handlers.o
 .debug_loc     0x00002546      0x16c ./system/src/cmsis/system_stm32f4xx.o
 .debug_loc     0x000026b2       0x63 ./src/Timer.o
 .debug_loc     0x00002715       0x6d ./src/main.o

.debug_macinfo
 *(.debug_macinfo)

.debug_weaknames
 *(.debug_weaknames)

.debug_funcnames
 *(.debug_funcnames)

.debug_typenames
 *(.debug_typenames)

.debug_varnames
 *(.debug_varnames)
OUTPUT(stm32f4_disco.elf elf32-littlearm)

.debug_ranges   0x00000000      0x500
 .debug_ranges  0x00000000       0xc0 ./system/src/stm32f4-hal/stm32f4xx_hal.o
 .debug_ranges  0x000000c0       0xe8 ./system/src/stm32f4-hal/stm32f4xx_hal_cortex.o
 .debug_ranges  0x000001a8       0x48 ./system/src/stm32f4-hal/stm32f4xx_hal_gpio.o
 .debug_ranges  0x000001f0       0x78 ./system/src/stm32f4-hal/stm32f4xx_hal_rcc.o
 .debug_ranges  0x00000268       0x18 ./system/src/newlib/_exit.o
 .debug_ranges  0x00000280       0x10 ./system/src/newlib/_sbrk.o
 .debug_ranges  0x00000290       0x78 ./system/src/newlib/_startup.o
 .debug_ranges  0x00000308       0x20 ./system/src/newlib/_syscalls.o
 .debug_ranges  0x00000328       0x18 ./system/src/newlib/assert.o
 .debug_ranges  0x00000340       0x28 ./system/src/diag/Trace.o
 .debug_ranges  0x00000368       0x38 ./system/src/diag/trace_impl.o
 .debug_ranges  0x000003a0       0x18 ./system/src/cortexm/_initialize_hardware.o
 .debug_ranges  0x000003b8       0x98 ./system/src/cortexm/exception_handlers.o
 .debug_ranges  0x00000450       0x18 ./system/src/cmsis/system_stm32f4xx.o
 .debug_ranges  0x00000468       0x10 ./system/src/cmsis/vectors_stm32f429xx.o
 .debug_ranges  0x00000478       0x10 ./src/BlinkLed.o
 .debug_ranges  0x00000488       0x28 ./src/Timer.o
 .debug_ranges  0x000004b0       0x18 ./src/_initialize_hardware.o
 .debug_ranges  0x000004c8       0x10 ./src/main.o
 .debug_ranges  0x000004d8       0x28 ./src/stm32f4xx_hal_msp.o

.debug_macro    0x00000000    0x1eb7d
 .debug_macro   0x00000000      0x573 ./system/src/stm32f4-hal/stm32f4xx_hal.o
 .debug_macro   0x00000573      0xaae ./system/src/stm32f4-hal/stm32f4xx_hal.o
 .debug_macro   0x00001021      0x289 ./system/src/stm32f4-hal/stm32f4xx_hal.o
 .debug_macro   0x000012aa       0x31 ./system/src/stm32f4-hal/stm32f4xx_hal.o
 .debug_macro   0x000012db       0x28 ./system/src/stm32f4-hal/stm32f4xx_hal.o
 .debug_macro   0x00001303      0x34e ./system/src/stm32f4-hal/stm32f4xx_hal.o
 .debug_macro   0x00001651       0x35 ./system/src/stm32f4-hal/stm32f4xx_hal.o
 .debug_macro   0x00001686       0x50 ./system/src/stm32f4-hal/stm32f4xx_hal.o
 .debug_macro   0x000016d6      0xe66 ./system/src/stm32f4-hal/stm32f4xx_hal.o
 .debug_macro   0x0000253c     0xa373 ./system/src/stm32f4-hal/stm32f4xx_hal.o
 .debug_macro   0x0000c8af       0x43 ./system/src/stm32f4-hal/stm32f4xx_hal.o
 .debug_macro   0x0000c8f2     0x34ef ./system/src/stm32f4-hal/stm32f4xx_hal.o
 .debug_macro   0x0000fde1       0x22 ./system/src/stm32f4-hal/stm32f4xx_hal.o
 .debug_macro   0x0000fe03       0x58 ./system/src/stm32f4-hal/stm32f4xx_hal.o
 .debug_macro   0x0000fe5b       0x18 ./system/src/stm32f4-hal/stm32f4xx_hal.o
 .debug_macro   0x0000fe73       0x94 ./system/src/stm32f4-hal/stm32f4xx_hal.o
 .debug_macro   0x0000ff07       0x35 ./system/src/stm32f4-hal/stm32f4xx_hal.o
 .debug_macro   0x0000ff3c       0x34 ./system/src/stm32f4-hal/stm32f4xx_hal.o
 .debug_macro   0x0000ff70       0x16 ./system/src/stm32f4-hal/stm32f4xx_hal.o
 .debug_macro   0x0000ff86       0x57 ./system/src/stm32f4-hal/stm32f4xx_hal.o
 .debug_macro   0x0000ffdd       0x97 ./system/src/stm32f4-hal/stm32f4xx_hal.o
 .debug_macro   0x00010074      0x339 ./system/src/stm32f4-hal/stm32f4xx_hal.o
 .debug_macro   0x000103ad       0xfd ./system/src/stm32f4-hal/stm32f4xx_hal.o
 .debug_macro   0x000104aa       0x10 ./system/src/stm32f4-hal/stm32f4xx_hal.o
 .debug_macro   0x000104ba       0x58 ./system/src/stm32f4-hal/stm32f4xx_hal.o
 .debug_macro   0x00010512       0x1f ./system/src/stm32f4-hal/stm32f4xx_hal.o
 .debug_macro   0x00010531       0x43 ./system/src/stm32f4-hal/stm32f4xx_hal.o
 .debug_macro   0x00010574       0x20 ./system/src/stm32f4-hal/stm32f4xx_hal.o
 .debug_macro   0x00010594      0x18e ./system/src/stm32f4-hal/stm32f4xx_hal.o
 .debug_macro   0x00010722       0x10 ./system/src/stm32f4-hal/stm32f4xx_hal.o
 .debug_macro   0x00010732       0x6a ./system/src/stm32f4-hal/stm32f4xx_hal.o
 .debug_macro   0x0001079c       0x1c ./system/src/stm32f4-hal/stm32f4xx_hal.o
 .debug_macro   0x000107b8       0x52 ./system/src/stm32f4-hal/stm32f4xx_hal.o
 .debug_macro   0x0001080a       0x40 ./system/src/stm32f4-hal/stm32f4xx_hal.o
 .debug_macro   0x0001084a       0x10 ./system/src/stm32f4-hal/stm32f4xx_hal.o
 .debug_macro   0x0001085a       0x40 ./system/src/stm32f4-hal/stm32f4xx_hal.o
 .debug_macro   0x0001089a       0xd7 ./system/src/stm32f4-hal/stm32f4xx_hal.o
 .debug_macro   0x00010971       0x1c ./system/src/stm32f4-hal/stm32f4xx_hal.o
 .debug_macro   0x0001098d       0x3d ./system/src/stm32f4-hal/stm32f4xx_hal.o
 .debug_macro   0x000109ca       0x16 ./system/src/stm32f4-hal/stm32f4xx_hal.o
 .debug_macro   0x000109e0      0x16f ./system/src/stm32f4-hal/stm32f4xx_hal.o
 .debug_macro   0x00010b4f       0x57 ./system/src/stm32f4-hal/stm32f4xx_hal.o
 .debug_macro   0x00010ba6      0xc9e ./system/src/stm32f4-hal/stm32f4xx_hal.o
 .debug_macro   0x00011844      0x9e1 ./system/src/stm32f4-hal/stm32f4xx_hal.o
 .debug_macro   0x00012225      0x11e ./system/src/stm32f4-hal/stm32f4xx_hal.o
 .debug_macro   0x00012343      0x161 ./system/src/stm32f4-hal/stm32f4xx_hal.o
 .debug_macro   0x000124a4       0x27 ./system/src/stm32f4-hal/stm32f4xx_hal.o
 .debug_macro   0x000124cb      0x287 ./system/src/stm32f4-hal/stm32f4xx_hal.o
 .debug_macro   0x00012752       0x5f ./system/src/stm32f4-hal/stm32f4xx_hal.o
 .debug_macro   0x000127b1      0x23a ./system/src/stm32f4-hal/stm32f4xx_hal.o
 .debug_macro   0x000129eb      0x391 ./system/src/stm32f4-hal/stm32f4xx_hal.o
 .debug_macro   0x00012d7c      0x17d ./system/src/stm32f4-hal/stm32f4xx_hal.o
 .debug_macro   0x00012ef9       0xf9 ./system/src/stm32f4-hal/stm32f4xx_hal.o
 .debug_macro   0x00012ff2      0x36e ./system/src/stm32f4-hal/stm32f4xx_hal.o
 .debug_macro   0x00013360       0x23 ./system/src/stm32f4-hal/stm32f4xx_hal.o
 .debug_macro   0x00013383      0x201 ./system/src/stm32f4-hal/stm32f4xx_hal.o
 .debug_macro   0x00013584       0xe6 ./system/src/stm32f4-hal/stm32f4xx_hal.o
 .debug_macro   0x0001366a       0xa1 ./system/src/stm32f4-hal/stm32f4xx_hal.o
 .debug_macro   0x0001370b       0x3c ./system/src/stm32f4-hal/stm32f4xx_hal.o
 .debug_macro   0x00013747       0x1f ./system/src/stm32f4-hal/stm32f4xx_hal.o
 .debug_macro   0x00013766      0x1cd ./system/src/stm32f4-hal/stm32f4xx_hal.o
 .debug_macro   0x00013933      0xcd6 ./system/src/stm32f4-hal/stm32f4xx_hal.o
 .debug_macro   0x00014609      0x13a ./system/src/stm32f4-hal/stm32f4xx_hal.o
 .debug_macro   0x00014743      0x41d ./system/src/stm32f4-hal/stm32f4xx_hal.o
 .debug_macro   0x00014b60       0x2e ./system/src/stm32f4-hal/stm32f4xx_hal.o
 .debug_macro   0x00014b8e      0x582 ./system/src/stm32f4-hal/stm32f4xx_hal.o
 .debug_macro   0x00015110       0x88 ./system/src/stm32f4-hal/stm32f4xx_hal.o
 .debug_macro   0x00015198       0xd5 ./system/src/stm32f4-hal/stm32f4xx_hal.o
 .debug_macro   0x0001526d      0x183 ./system/src/stm32f4-hal/stm32f4xx_hal.o
 .debug_macro   0x000153f0       0x10 ./system/src/stm32f4-hal/stm32f4xx_hal.o
 .debug_macro   0x00015400      0x1a7 ./system/src/stm32f4-hal/stm32f4xx_hal.o
 .debug_macro   0x000155a7       0x22 ./system/src/stm32f4-hal/stm32f4xx_hal.o
 .debug_macro   0x000155c9       0xa5 ./system/src/stm32f4-hal/stm32f4xx_hal.o
 .debug_macro   0x0001566e      0x18b ./system/src/stm32f4-hal/stm32f4xx_hal.o
 .debug_macro   0x000157f9       0x24 ./system/src/stm32f4-hal/stm32f4xx_hal.o
 .debug_macro   0x0001581d       0x35 ./system/src/stm32f4-hal/stm32f4xx_hal.o
 .debug_macro   0x00015852       0x79 ./system/src/stm32f4-hal/stm32f4xx_hal.o
 .debug_macro   0x000158cb      0x183 ./system/src/stm32f4-hal/stm32f4xx_hal.o
 .debug_macro   0x00015a4e       0xd6 ./system/src/stm32f4-hal/stm32f4xx_hal.o
 .debug_macro   0x00015b24      0x11e ./system/src/stm32f4-hal/stm32f4xx_hal.o
 .debug_macro   0x00015c42       0xe2 ./system/src/stm32f4-hal/stm32f4xx_hal.o
 .debug_macro   0x00015d24       0x89 ./system/src/stm32f4-hal/stm32f4xx_hal.o
 .debug_macro   0x00015dad       0x7e ./system/src/stm32f4-hal/stm32f4xx_hal.o
 .debug_macro   0x00015e2b      0x31a ./system/src/stm32f4-hal/stm32f4xx_hal.o
 .debug_macro   0x00016145      0x409 ./system/src/stm32f4-hal/stm32f4xx_hal.o
 .debug_macro   0x0001654e       0xe4 ./system/src/stm32f4-hal/stm32f4xx_hal.o
 .debug_macro   0x00016632      0x39f ./system/src/stm32f4-hal/stm32f4xx_hal.o
 .debug_macro   0x000169d1       0xcf ./system/src/stm32f4-hal/stm32f4xx_hal.o
 .debug_macro   0x00016aa0      0x48d ./system/src/stm32f4-hal/stm32f4xx_hal.o
 .debug_macro   0x00016f2d      0x22b ./system/src/stm32f4-hal/stm32f4xx_hal.o
 .debug_macro   0x00017158      0x202 ./system/src/stm32f4-hal/stm32f4xx_hal.o
 .debug_macro   0x0001735a      0x6d9 ./system/src/stm32f4-hal/stm32f4xx_hal.o
 .debug_macro   0x00017a33       0x5b ./system/src/stm32f4-hal/stm32f4xx_hal.o
 .debug_macro   0x00017a8e      0x14d ./system/src/stm32f4-hal/stm32f4xx_hal.o
 .debug_macro   0x00017bdb      0x287 ./system/src/stm32f4-hal/stm32f4xx_hal.o
 .debug_macro   0x00017e62      0x225 ./system/src/stm32f4-hal/stm32f4xx_hal.o
 .debug_macro   0x00018087      0x1b5 ./system/src/stm32f4-hal/stm32f4xx_hal.o
 .debug_macro   0x0001823c      0x2db ./system/src/stm32f4-hal/stm32f4xx_hal.o
 .debug_macro   0x00018517       0x89 ./system/src/stm32f4-hal/stm32f4xx_hal.o
 .debug_macro   0x000185a0      0x1df ./system/src/stm32f4-hal/stm32f4xx_hal.o
 .debug_macro   0x0001877f      0x115 ./system/src/stm32f4-hal/stm32f4xx_hal.o
 .debug_macro   0x00018894       0x6e ./system/src/stm32f4-hal/stm32f4xx_hal.o
 .debug_macro   0x00018902      0x12c ./system/src/stm32f4-hal/stm32f4xx_hal.o
 .debug_macro   0x00018a2e      0x525 ./system/src/stm32f4-hal/stm32f4xx_hal_cortex.o
 .debug_macro   0x00018f53      0x55d ./system/src/stm32f4-hal/stm32f4xx_hal_gpio.o
 .debug_macro   0x000194b0      0x54f ./system/src/stm32f4-hal/stm32f4xx_hal_rcc.o
 .debug_macro   0x000199ff      0x1b4 ./system/src/newlib/_exit.o
 .debug_macro   0x00019bb3      0x10e ./system/src/newlib/_exit.o
 .debug_macro   0x00019cc1       0x8d ./system/src/newlib/_exit.o
 .debug_macro   0x00019d4e       0x35 ./system/src/newlib/_exit.o
 .debug_macro   0x00019d83      0x169 ./system/src/newlib/_sbrk.o
 .debug_macro   0x00019eec      0x174 ./system/src/newlib/_sbrk.o
 .debug_macro   0x0001a060       0x10 ./system/src/newlib/_sbrk.o
 .debug_macro   0x0001a070      0x23b ./system/src/newlib/_sbrk.o
 .debug_macro   0x0001a2ab      0x173 ./system/src/newlib/_startup.o
 .debug_macro   0x0001a41e      0xab4 ./system/src/newlib/_startup.o
 .debug_macro   0x0001aed2      0x226 ./system/src/newlib/_syscalls.o
 .debug_macro   0x0001b0f8       0x1c ./system/src/newlib/_syscalls.o
 .debug_macro   0x0001b114       0x10 ./system/src/newlib/_syscalls.o
 .debug_macro   0x0001b124       0x10 ./system/src/newlib/_syscalls.o
 .debug_macro   0x0001b134       0x10 ./system/src/newlib/_syscalls.o
 .debug_macro   0x0001b144       0x35 ./system/src/newlib/_syscalls.o
 .debug_macro   0x0001b179      0x122 ./system/src/newlib/_syscalls.o
 .debug_macro   0x0001b29b       0x88 ./system/src/newlib/_syscalls.o
 .debug_macro   0x0001b323       0x7c ./system/src/newlib/_syscalls.o
 .debug_macro   0x0001b39f       0x17 ./system/src/newlib/_syscalls.o
 .debug_macro   0x0001b3b6      0x118 ./system/src/newlib/_syscalls.o
 .debug_macro   0x0001b4ce      0x189 ./system/src/newlib/_syscalls.o
 .debug_macro   0x0001b657       0x16 ./system/src/newlib/_syscalls.o
 .debug_macro   0x0001b66d      0x1d0 ./system/src/newlib/assert.o
 .debug_macro   0x0001b83d       0x1c ./system/src/newlib/assert.o
 .debug_macro   0x0001b859      0x1fb ./system/src/diag/Trace.o
 .debug_macro   0x0001ba54       0x4c ./system/src/diag/Trace.o
 .debug_macro   0x0001baa0       0x16 ./system/src/diag/Trace.o
 .debug_macro   0x0001bab6      0x56b ./system/src/diag/trace_impl.o
 .debug_macro   0x0001c021       0x22 ./system/src/diag/trace_impl.o
 .debug_macro   0x0001c043      0x52f ./system/src/cortexm/_initialize_hardware.o
 .debug_macro   0x0001c572      0x598 ./system/src/cortexm/exception_handlers.o
 .debug_macro   0x0001cb0a       0x3b ./system/src/cortexm/exception_handlers.o
 .debug_macro   0x0001cb45      0x52b ./system/src/cmsis/system_stm32f4xx.o
 .debug_macro   0x0001d070       0x34 ./system/src/cmsis/vectors_stm32f429xx.o
 .debug_macro   0x0001d0a4      0x534 ./src/BlinkLed.o
 .debug_macro   0x0001d5d8       0x28 ./src/BlinkLed.o
 .debug_macro   0x0001d600      0x548 ./src/Timer.o
 .debug_macro   0x0001db48       0x10 ./src/Timer.o
 .debug_macro   0x0001db58      0x525 ./src/_initialize_hardware.o
 .debug_macro   0x0001e07d      0x5ad ./src/main.o
 .debug_macro   0x0001e62a       0x2e ./src/main.o
 .debug_macro   0x0001e658      0x525 ./src/stm32f4xx_hal_msp.o
